
> chess-tournament@0.0.1 build
> vite build

[36mvite v8.1.5 [32mbuilding ssr environment for production...[36m[39m
[2Ktransforming...✓ 3794 modules transformed.
[31m✗[39m Build failed in 9.01s
[31merror during build:
[31mBuild failed with 6 errors:

[31m[UNRESOLVED_IMPORT] [0mCould not resolve '../../../../components/ui/Button.svelte' in src/routes/tournaments/active/+page.svelte
   [38;5;246m╭[0m[38;5;246m─[0m[38;5;246m[[0m src/routes/tournaments/active/+page.svelte:3:20 [38;5;246m][0m
   [38;5;246m│[0m
 [38;5;246m3 │[0m [38;5;249mi[0m[38;5;249mm[0m[38;5;249mp[0m[38;5;249mo[0m[38;5;249mr[0m[38;5;249mt[0m[38;5;249m [0m[38;5;249mB[0m[38;5;249mu[0m[38;5;249mt[0m[38;5;249mt[0m[38;5;249mo[0m[38;5;249mn[0m[38;5;249m [0m[38;5;249mf[0m[38;5;249mr[0m[38;5;249mo[0m[38;5;249mm[0m[38;5;249m [0m'../../../../components/ui/Button.svelte'[38;5;249m;[0m
 [38;5;240m  │[0m                    ────────────────────┬────────────────────  
 [38;5;240m  │[0m                                        ╰────────────────────── Module not found.
[38;5;246m───╯[0m

[31m[UNRESOLVED_IMPORT] [0mCould not resolve '../../../../components/ui/GlassCard.svelte' in src/routes/tournaments/active/+page.svelte
   [38;5;246m╭[0m[38;5;246m─[0m[38;5;246m[[0m src/routes/tournaments/active/+page.svelte:4:23 [38;5;246m][0m
   [38;5;246m│[0m
 [38;5;246m4 │[0m [38;5;249mi[0m[38;5;249mm[0m[38;5;249mp[0m[38;5;249mo[0m[38;5;249mr[0m[38;5;249mt[0m[38;5;249m [0m[38;5;249mG[0m[38;5;249ml[0m[38;5;249ma[0m[38;5;249ms[0m[38;5;249ms[0m[38;5;249mC[0m[38;5;249ma[0m[38;5;249mr[0m[38;5;249md[0m[38;5;249m [0m[38;5;249mf[0m[38;5;249mr[0m[38;5;249mo[0m[38;5;249mm[0m[38;5;249m [0m'../../../../components/ui/GlassCard.svelte'[38;5;249m;[0m
 [38;5;240m  │[0m                       ──────────────────────┬─────────────────────  
 [38;5;240m  │[0m                                             ╰─────────────────────── Module not found.
[38;5;246m───╯[0m

[31m[UNRESOLVED_IMPORT] [0mCould not resolve '../../../../store/tournamentStore.js' in src/routes/tournaments/active/+page.svelte
   [38;5;246m╭[0m[38;5;246m─[0m[38;5;246m[[0m src/routes/tournaments/active/+page.svelte:5:33 [38;5;246m][0m
   [38;5;246m│[0m
 [38;5;246m5 │[0m [38;5;249mi[0m[38;5;249mm[0m[38;5;249mp[0m[38;5;249mo[0m[38;5;249mr[0m[38;5;249mt[0m[38;5;249m [0m[38;5;249m{[0m[38;5;249m [0m[38;5;249mt[0m[38;5;249mo[0m[38;5;249mu[0m[38;5;249mr[0m[38;5;249mn[0m[38;5;249ma[0m[38;5;249mm[0m[38;5;249me[0m[38;5;249mn[0m[38;5;249mt[0m[38;5;249mS[0m[38;5;249mt[0m[38;5;249mo[0m[38;5;249mr[0m[38;5;249me[0m[38;5;249m [0m[38;5;249m}[0m[38;5;249m [0m[38;5;249mf[0m[38;5;249mr[0m[38;5;249mo[0m[38;5;249mm[0m[38;5;249m [0m'../../../../store/tournamentStore.js'[38;5;249m;[0m
 [38;5;240m  │[0m                                 ───────────────────┬──────────────────  
 [38;5;240m  │[0m                                                    ╰──────────────────── Module not found.
[38;5;246m───╯[0m

[31m[UNRESOLVED_IMPORT] [0mCould not resolve '../../../../store/playerStore.js' in src/routes/tournaments/active/+page.svelte
   [38;5;246m╭[0m[38;5;246m─[0m[38;5;246m[[0m src/routes/tournaments/active/+page.svelte:6:29 [38;5;246m][0m
   [38;5;246m│[0m
 [38;5;246m6 │[0m [38;5;249mi[0m[38;5;249mm[0m[38;5;249mp[0m[38;5;249mo[0m[38;5;249mr[0m[38;5;249mt[0m[38;5;249m [0m[38;5;249m{[0m[38;5;249m [0m[38;5;249mp[0m[38;5;249ml[0m[38;5;249ma[0m[38;5;249my[0m[38;5;249me[0m[38;5;249mr[0m[38;5;249mS[0m[38;5;249mt[0m[38;5;249mo[0m[38;5;249mr[0m[38;5;249me[0m[38;5;249m [0m[38;5;249m}[0m[38;5;249m [0m[38;5;249mf[0m[38;5;249mr[0m[38;5;249mo[0m[38;5;249mm[0m[38;5;249m [0m'../../../../store/playerStore.js'[38;5;249m;[0m
 [38;5;240m  │[0m                             ─────────────────┬────────────────  
 [38;5;240m  │[0m                                              ╰────────────────── Module not found.
[38;5;246m───╯[0m

[31m[UNRESOLVED_IMPORT] [0mCould not resolve '../../../../store/toastStore.js' in src/routes/tournaments/active/+page.svelte
   [38;5;246m╭[0m[38;5;246m─[0m[38;5;246m[[0m src/routes/tournaments/active/+page.svelte:7:26 [38;5;246m][0m
   [38;5;246m│[0m
 [38;5;246m7 │[0m [38;5;249mi[0m[38;5;249mm[0m[38;5;249mp[0m[38;5;249mo[0m[38;5;249mr[0m[38;5;249mt[0m[38;5;249m [0m[38;5;249m{[0m[38;5;249m [0m[38;5;249ma[0m[38;5;249md[0m[38;5;249md[0m[38;5;249mT[0m[38;5;249mo[0m[38;5;249ma[0m[38;5;249ms[0m[38;5;249mt[0m[38;5;249m [0m[38;5;249m}[0m[38;5;249m [0m[38;5;249mf[0m[38;5;249mr[0m[38;5;249mo[0m[38;5;249mm[0m[38;5;249m [0m'../../../../store/toastStore.js'[38;5;249m;[0m
 [38;5;240m  │[0m                          ────────────────┬────────────────  
 [38;5;240m  │[0m                                          ╰────────────────── Module not found.
[38;5;246m───╯[0m

...[31m
    at aggregateBindingErrorsIntoJsError (file:///E:/PROJECTS/Chess_tournament/node_modules/rolldown/dist/shared/error-BHRSI0R7.mjs:48:18)
    at unwrapBindingResult (file:///E:/PROJECTS/Chess_tournament/node_modules/rolldown/dist/shared/error-BHRSI0R7.mjs:18:128)
    at #build (file:///E:/PROJECTS/Chess_tournament/node_modules/rolldown/dist/shared/rolldown-build-CtPvmZgJ.mjs:3276:34)
    at async buildEnvironment (file:///E:/PROJECTS/Chess_tournament/node_modules/vite/dist/node/chunks/node.js:33061:66)
    at async Object.build (file:///E:/PROJECTS/Chess_tournament/node_modules/vite/dist/node/chunks/node.js:33483:19)
    at async Object.buildApp (file:///E:/PROJECTS/Chess_tournament/node_modules/vite/dist/node/chunks/node.js:33480:153)
    at async CAC.<anonymous> (file:///E:/PROJECTS/Chess_tournament/node_modules/vite/dist/node/cli.js:776:3) {
  errors: [Getter/Setter]
}[39m
